WARNING: A restricted method in java.lang.System has been called
WARNING: java.lang.System::load has been called by org.fusesource.jansi.internal.JansiLoader in an unnamed module (file:/Users/alieksieiev/.m2/wrapper/dists/apache-maven-3.9.9/3477a4f1/lib/jansi-2.4.1.jar)
WARNING: Use --enable-native-access=ALL-UNNAMED to avoid a warning for callers in this module
WARNING: Restricted methods will be blocked in a future release unless native access is enabled

WARNING: A terminally deprecated method in sun.misc.Unsafe has been called
WARNING: sun.misc.Unsafe::objectFieldOffset has been called by com.google.common.util.concurrent.AbstractFuture$UnsafeAtomicHelper (file:/Users/alieksieiev/.m2/wrapper/dists/apache-maven-3.9.9/3477a4f1/lib/guava-33.2.1-jre.jar)
WARNING: Please consider reporting this to the maintainers of class com.google.common.util.concurrent.AbstractFuture$UnsafeAtomicHelper
WARNING: sun.misc.Unsafe::objectFieldOffset will be removed in a future release
[INFO] Scanning for projects...
[INFO] 
[INFO] -----------------------------< com:sylfie >-----------------------------
[INFO] Building Sylfie 0.0.1-SNAPSHOT
[INFO]   from pom.xml
[INFO] --------------------------------[ jar ]---------------------------------
[INFO] 
[INFO] --- resources:3.3.1:resources (default-resources) @ sylfie ---
[INFO] Copying 1 resource from src/main/resources to target/classes
[INFO] Copying 1 resource from src/main/resources to target/classes
[INFO] 
[INFO] --- dart-sass:1.5.0:compile-sass (compile-sass) @ sylfie ---
[INFO] Proxy not set.
[INFO] Auto-detected operating system: macos
[INFO] Auto-detected operating system architecture: arm64
[INFO] Auto-detected latest version: 1.94.2
[INFO] Auto-detected cached files directory: /Users/alieksieiev/.dart-sass-maven-plugin
[INFO] Compiled 0 files in 49 ms
[INFO] 
[INFO] --- compiler:3.10.1:compile (default-compile) @ sylfie ---
[INFO] Nothing to compile - all classes are up to date
[INFO] 
[INFO] --- resources:3.3.1:testResources (default-testResources) @ sylfie ---
[INFO] skip non existing resourceDirectory /Users/alieksieiev/IdeaProjects/sylfie_antigr/sylfie-website/src/test/resources
[INFO] 
[INFO] --- compiler:3.10.1:testCompile (default-testCompile) @ sylfie ---
[INFO] Nothing to compile - all classes are up to date
[INFO] 
[INFO] --- surefire:3.5.3:test (default-test) @ sylfie ---
[INFO] Using auto detected provider org.apache.maven.surefire.junitplatform.JUnitPlatformProvider
[INFO] 
[INFO] -------------------------------------------------------
[INFO]  T E S T S
[INFO] -------------------------------------------------------
[INFO] Running com.sylfie.service.TourTemplateServiceCachingTest
17:37:27.181 [main] INFO org.springframework.boot.devtools.restart.RestartApplicationListener -- Restart disabled due to context in which it is running

  .   ____          _            __ _ _
 /\\ / ___'_ __ _ _(_)_ __  __ _ \ \ \ \
( ( )\___ | '_ | '_| | '_ \/ _` | \ \ \ \
 \\/  ___)| |_)| | | | | || (_| |  ) ) ) )
  '  |____| .__|_| |_|_| |_\__, | / / / /
 =========|_|==============|___/=/_/_/_/

 :: Spring Boot ::                (v3.4.5)

2025-11-26T17:37:27.296+01:00  INFO 72059 --- [Sylfie] [           main] c.s.s.TourTemplateServiceCachingTest     : Starting TourTemplateServiceCachingTest using Java 24.0.2 with PID 72059 (started by alieksieiev in /Users/alieksieiev/IdeaProjects/sylfie_antigr/sylfie-website)
2025-11-26T17:37:27.296+01:00  INFO 72059 --- [Sylfie] [           main] c.s.s.TourTemplateServiceCachingTest     : No active profile set, falling back to 1 default profile: "default"
Mockito is currently self-attaching to enable the inline-mock-maker. This will no longer work in future releases of the JDK. Please add Mockito as an agent to your build what is described in Mockito's documentation: https://javadoc.io/doc/org.mockito/mockito-core/latest/org/mockito/Mockito.html#0.3
OpenJDK 64-Bit Server VM warning: Sharing is only supported for boot loader classes because bootstrap classpath has been appended
WARNING: A Java agent has been loaded dynamically (/Users/alieksieiev/.m2/repository/net/bytebuddy/byte-buddy-agent/1.15.11/byte-buddy-agent-1.15.11.jar)
WARNING: If a serviceability tool is in use, please run with -XX:+EnableDynamicAgentLoading to hide this warning
WARNING: If a serviceability tool is not in use, please run with -Djdk.instrument.traceUsage for more information
WARNING: Dynamic loading of agents will be disallowed by default in a future release
WARNING: A terminally deprecated method in sun.misc.Unsafe has been called
WARNING: sun.misc.Unsafe::objectFieldOffset has been called by net.bytebuddy.dynamic.loading.ClassInjector$UsingUnsafe$Dispatcher$CreationAction (file:/Users/alieksieiev/.m2/repository/net/bytebuddy/byte-buddy/1.15.11/byte-buddy-1.15.11.jar)
WARNING: Please consider reporting this to the maintainers of class net.bytebuddy.dynamic.loading.ClassInjector$UsingUnsafe$Dispatcher$CreationAction
WARNING: sun.misc.Unsafe::objectFieldOffset will be removed in a future release
2025-11-26T17:37:27.987+01:00  INFO 72059 --- [Sylfie] [           main] c.s.s.TourTemplateServiceCachingTest     : Started TourTemplateServiceCachingTest in 0.81 seconds (process running for 1.15)
[INFO] Tests run: 4, Failures: 0, Errors: 0, Skipped: 0, Time elapsed: 0.976 s -- in com.sylfie.service.TourTemplateServiceCachingTest
[INFO] 
[INFO] Results:
[INFO] 
[INFO] Tests run: 4, Failures: 0, Errors: 0, Skipped: 0
[INFO] 
[INFO] ------------------------------------------------------------------------
[INFO] BUILD SUCCESS
[INFO] ------------------------------------------------------------------------
[INFO] Total time:  3.591 s
[INFO] Finished at: 2025-11-26T17:37:28+01:00
[INFO] ------------------------------------------------------------------------
